2026-03-10T18:45:08-0700 INFO pid=59290 start name=__main__.A.ok ts=1773193508.109504
2026-03-10T18:45:08-0700 INFO pid=59290 finish name=__main__.A.ok ts=1773193508.109793 duration_ms=0.288
2026-03-10T18:45:08-0700 INFO pid=59290 start name=__main__.A.boom ts=1773193508.110007
2026-03-10T18:45:08-0700 ERROR pid=59290 exception name=__main__.A.boom type=ValueError msg=x
Traceback (most recent call last):
  File "/Users/markseery/CascadeProjects/apps/connections/decorations/monitor.py", line 89, in _wrapped
    return fn(*args, **kwargs)
           ^^^^^^^^^^^^^^^^^^^
  File "<string>", line 8, in boom
ValueError: x

2026-03-10T18:45:08-0700 INFO pid=59290 finish name=__main__.A.boom ts=1773193508.110802 duration_ms=0.795
2026-03-10T18:46:44-0700 INFO pid=59381 start name=__main__.A.ok ts=1773193604.621634
2026-03-10T18:46:44-0700 INFO pid=59381 finish name=__main__.A.ok ts=1773193604.622067 duration_ms=0.433
2026-03-10T18:46:44-0700 INFO pid=59381 start name=__main__.A.boom ts=1773193604.622268
2026-03-10T18:46:44-0700 ERROR pid=59381 exception name=__main__.A.boom type=ValueError msg=x
Traceback (most recent call last):
  File "/Users/markseery/CascadeProjects/apps/connections/decorations/monitor.py", line 96, in _wrapped
    return fn(*args, **kwargs)
           ^^^^^^^^^^^^^^^^^^^
  File "<string>", line 8, in boom
ValueError: x

2026-03-10T18:46:44-0700 INFO pid=59381 finish name=__main__.A.boom ts=1773193604.622797 duration_ms=0.529
